Microchip MPLAB XC8 Compiler V2.31

Linker command line:

-W-3 --edf=C:\Program Files\Microchip\xc8\v2.31\pic\dat\en_msgs.txt -cn \
  -h+dist/default/production\RobotLaberinto.X.production.sym \
  --cmf=dist/default/production\RobotLaberinto.X.production.cmf -z \
  -Q16F15244 -oC:\Users\Usuario\AppData\Local\Temp\scqs.2 \
  --defsym=__MPLAB_BUILD=1 \
  -Mdist/default/production/RobotLaberinto.X.production.map -E1 \
  -ver=XC8 Compiler --acfsm=1493 -ASTACK=02058h-021EFh -pstack=STACK \
  -ACODE=00h-07FFhx2 -ASTRCODE=00h-0FFFh -ASTRING=00h-0FFhx16 \
  -ACONST=00h-0FFhx16 -AENTRY=00h-0FFhx16 -ACOMMON=070h-07Fh \
  -ABANK0=020h-06Fh -ABANK1=0A0h-0EFh -ABANK2=0120h-016Fh \
  -ABANK3=01A0h-01EFh -ABANK4=0220h-026Fh -ABANK5=02A0h-02EFh \
  -ABANK6=0320h-032Fh -ABIGRAM=02000h-021EFh \
  -ARAM=020h-06Fh,0A0h-0EFh,0120h-016Fh,01A0h-01EFh,0220h-026Fh,02A0h-02EFh,0320h-032Fh \
  -AABS1=020h-07Fh,0A0h-0EFh,0120h-016Fh,01A0h-01EFh,0220h-026Fh,02A0h-02EFh,0320h-032Fh \
  -ASFR0=00h-01Fh -ASFR1=080h-09Fh -ASFR2=0100h-011Fh -ASFR3=0180h-019Fh \
  -ASFR4=0200h-021Fh -ASFR5=0280h-029Fh -ASFR6=0300h-031Fh \
  -ASFR7=0380h-03EFh -ASFR8=0400h-046Fh -ASFR9=0480h-04EFh \
  -ASFR10=0500h-056Fh -ASFR11=0580h-05EFh -ASFR12=0600h-066Fh \
  -ASFR13=0680h-06EFh -ASFR14=0700h-076Fh -ASFR15=0780h-07EFh \
  -ASFR16=0800h-086Fh -ASFR17=0880h-08EFh -ASFR18=0900h-096Fh \
  -ASFR19=0980h-09EFh -ASFR20=0A00h-0A6Fh -ASFR21=0A80h-0AEFh \
  -ASFR22=0B00h-0B6Fh -ASFR23=0B80h-0BEFh -ASFR24=0C00h-0C6Fh \
  -ASFR25=0C80h-0CEFh -ASFR26=0D00h-0D6Fh -ASFR27=0D80h-0DEFh \
  -ASFR28=0E00h-0E6Fh -ASFR29=0E80h-0EEFh -ASFR30=0F00h-0F6Fh \
  -ASFR31=0F80h-0FEFh -ASFR32=01000h-0106Fh -ASFR33=01080h-010EFh \
  -ASFR34=01100h-0116Fh -ASFR35=01180h-011EFh -ASFR36=01200h-0126Fh \
  -ASFR37=01280h-012EFh -ASFR38=01300h-0136Fh -ASFR39=01380h-013EFh \
  -ASFR40=01400h-0146Fh -ASFR41=01480h-014EFh -ASFR42=01500h-0156Fh \
  -ASFR43=01580h-015EFh -ASFR44=01600h-0166Fh -ASFR45=01680h-016EFh \
  -ASFR46=01700h-0176Fh -ASFR47=01780h-017EFh -ASFR48=01800h-0186Fh \
  -ASFR49=01880h-018EFh -ASFR50=01900h-0196Fh -ASFR51=01980h-019EFh \
  -ASFR52=01A00h-01A6Fh -ASFR53=01A80h-01AEFh -ASFR54=01B00h-01B6Fh \
  -ASFR55=01B80h-01BEFh -ASFR56=01C00h-01C6Fh -ASFR57=01C80h-01CEFh \
  -ASFR58=01D00h-01D6Fh -ASFR59=01D80h-01DEFh -ASFR60=01E00h-01E6Fh \
  -ASFR61=01E80h-01EEFh -ASFR62=01F00h-01F6Fh -ASFR63=01F80h-01FEFh \
  -ACONFIG=08007h-0800Bh -DCONFIG=2 -AIDLOC=08000h-08003h -DIDLOC=2 \
  -DCODE=2 -DSTRCODE=2 -DSTRING=2 -DCONST=2 -DENTRY=2 \
  -preset_vec=00h,intentry,init,end_init -ppowerup=CODE -pcinit=CODE \
  -pfunctab=ENTRY -k C:\Users\Usuario\AppData\Local\Temp\scqs.o \
  dist/default/production\RobotLaberinto.X.production.o 

Object code version is 3.11

Machine type is 16F15244



                Name                               Link     Load   Length Selector   Space Scale
C:\Users\Usuario\AppData\Local\Temp\scqs.o
                end_init                              2        2        2        0       0
                reset_vec                             0        0        2        0       0
                config                             8007     8007        5        0       4
dist/default/production\RobotLaberinto.X.production.o
                cinit                               7E0      7E0       20      FC0       0
                config                             8007     8007        5        0       4
                text20                              EBC      EBC        8     1D78       0
                text19                              EC4      EC4        8     1D88       0
                text18                              F54      F54       37     1EA8       0
                text17                              ED5      ED5        E     1DAA       0
                text16                              EB1      EB1        5     1D62       0
                text15                              EE3      EE3       16     1DC6       0
                text14                                6        6       16        C       0
                text13                               55       55       83       AA       0
                text12                              ECC      ECC        9     1D98       0
                text11                              EF9      EF9       1C     1DF2       0
                text10                              F15      F15       1C     1E2A       0
                text9                                D8       D8       8E      1B0       0
                text8                               3D5      3D5      1B4      7AA       0
                text7                               F31      F31       23     1E62       0
                text6                               589      589      257      B12       0
                text5                               F8B      F8B       75     1F16       0
                text4                               329      329       AC      652       0
                text3                               166      166       94      2CC       0
                text2                               28E      28E       9B      51C       0
                text1                               1FA      1FA       94      3F4       0
                maintext                             1C       1C       39       38       0
                cstackBANK0                          20       20       43       20       1
                cstackCOMMON                         70       70        E       70       1
                clrtext                             EB6      EB6        6     1D6C       0
                dataBANK1                            A4       A4        4       A0       1
                bssBANK1                             A0       A0        4       A0       1
                bssBANK0                             63       63        D       20       1
                idataBANK1                          EAD      EAD        4     1D5A       0

TOTAL           Name                               Link     Load   Length     Space
        CLASS   STACK          

        CLASS   CODE           
                end_init                              2        2        2         0
                cinit                               7E0      7E0       20         0
                reset_vec                             0        0        2         0
                text20                              EBC      EBC        8         0
                text19                              EC4      EC4        8         0
                text18                              F54      F54       37         0
                text17                              ED5      ED5        E         0
                text16                              EB1      EB1        5         0
                text15                              EE3      EE3       16         0
                text14                                6        6       16         0
                text13                               55       55       83         0
                text12                              ECC      ECC        9         0
                text11                              EF9      EF9       1C         0
                text10                              F15      F15       1C         0
                text9                                D8       D8       8E         0
                text8                               3D5      3D5      1B4         0
                text7                               F31      F31       23         0
                text6                               589      589      257         0
                text5                               F8B      F8B       75         0
                text4                               329      329       AC         0
                text3                               166      166       94         0
                text2                               28E      28E       9B         0
                text1                               1FA      1FA       94         0
                maintext                             1C       1C       39         0
                clrtext                             EB6      EB6        6         0
                idataBANK1                          EAD      EAD        4         0

        CLASS   STRCODE        

        CLASS   STRING         

        CLASS   CONST          

        CLASS   ENTRY          

        CLASS   COMMON         
                cstackCOMMON                         70       70        E         1

        CLASS   BANK0          
                cstackBANK0                          20       20       43         1
                bssBANK0                             63       63        D         1

        CLASS   BANK1          
                dataBANK1                            A4       A4        4         1
                bssBANK1                             A0       A0        4         1

        CLASS   BANK2          

        CLASS   BANK3          

        CLASS   BANK4          

        CLASS   BANK5          

        CLASS   BANK6          

        CLASS   BIGRAM         

        CLASS   RAM            

        CLASS   ABS1           
                abs_s1                               7E       7E        2         1

        CLASS   SFR0           

        CLASS   SFR1           

        CLASS   SFR2           

        CLASS   SFR3           

        CLASS   SFR4           

        CLASS   SFR5           

        CLASS   SFR6           

        CLASS   SFR7           

        CLASS   SFR8           

        CLASS   SFR9           

        CLASS   SFR10          

        CLASS   SFR11          

        CLASS   SFR12          

        CLASS   SFR13          

        CLASS   SFR14          

        CLASS   SFR15          

        CLASS   SFR16          

        CLASS   SFR17          

        CLASS   SFR18          

        CLASS   SFR19          

        CLASS   SFR20          

        CLASS   SFR21          

        CLASS   SFR22          

        CLASS   SFR23          

        CLASS   SFR24          

        CLASS   SFR25          

        CLASS   SFR26          

        CLASS   SFR27          

        CLASS   SFR28          

        CLASS   SFR29          

        CLASS   SFR30          

        CLASS   SFR31          

        CLASS   SFR32          

        CLASS   SFR33          

        CLASS   SFR34          

        CLASS   SFR35          

        CLASS   SFR36          

        CLASS   SFR37          

        CLASS   SFR38          

        CLASS   SFR39          

        CLASS   SFR40          

        CLASS   SFR41          

        CLASS   SFR42          

        CLASS   SFR43          

        CLASS   SFR44          

        CLASS   SFR45          

        CLASS   SFR46          

        CLASS   SFR47          

        CLASS   SFR48          

        CLASS   SFR49          

        CLASS   SFR50          

        CLASS   SFR51          

        CLASS   SFR52          

        CLASS   SFR53          

        CLASS   SFR54          

        CLASS   SFR55          

        CLASS   SFR56          

        CLASS   SFR57          

        CLASS   SFR58          

        CLASS   SFR59          

        CLASS   SFR60          

        CLASS   SFR61          

        CLASS   SFR62          

        CLASS   SFR63          

        CLASS   CONFIG         
                config                             8007     8007        5         4

        CLASS   IDLOC          

        CLASS   BANK63         

        CLASS   BANK62         

        CLASS   BANK61         

        CLASS   BANK60         

        CLASS   BANK59         

        CLASS   BANK58         

        CLASS   BANK57         

        CLASS   BANK56         

        CLASS   BANK55         

        CLASS   BANK54         

        CLASS   BANK53         

        CLASS   BANK52         

        CLASS   BANK51         

        CLASS   BANK50         

        CLASS   BANK49         

        CLASS   BANK48         

        CLASS   BANK47         

        CLASS   BANK46         

        CLASS   BANK45         

        CLASS   BANK44         

        CLASS   BANK43         

        CLASS   BANK42         

        CLASS   BANK41         

        CLASS   BANK40         

        CLASS   BANK39         

        CLASS   BANK38         

        CLASS   BANK37         

        CLASS   BANK36         

        CLASS   BANK35         

        CLASS   BANK34         

        CLASS   BANK33         

        CLASS   BANK32         

        CLASS   BANK31         

        CLASS   BANK30         

        CLASS   BANK29         

        CLASS   BANK28         

        CLASS   BANK27         

        CLASS   BANK26         

        CLASS   BANK25         

        CLASS   BANK24         

        CLASS   BANK23         

        CLASS   BANK22         

        CLASS   BANK21         

        CLASS   BANK20         

        CLASS   BANK19         

        CLASS   BANK18         

        CLASS   BANK17         

        CLASS   BANK16         

        CLASS   BANK15         

        CLASS   BANK14         

        CLASS   BANK13         

        CLASS   BANK12         

        CLASS   BANK11         

        CLASS   BANK10         

        CLASS   BANK9          

        CLASS   BANK8          

        CLASS   BANK7          

        CLASS   EEDATA         



SEGMENTS        Name                           Load    Length   Top    Selector   Space  Class     Delta

                reset_vec                      000000  000004  000004         0       0  CODE        2
                text14                         000006  000016  00001C         C       0  CODE        2
                cstackBANK0                    000020  000050  000070        20       1  BANK0       1
                maintext                       00001C  000039  000055        38       0  CODE        2
                cstackCOMMON                   000070  00000E  00007E        70       1  COMMON      1
                bssBANK1                       0000A0  000008  0000A8        A0       1  BANK1       1
                text13                         000055  000083  0000D8        AA       0  CODE        2
                text9                          0000D8  00008E  000166       1B0       0  CODE        2
                text3                          000166  000094  0001FA       2CC       0  CODE        2
                text1                          0001FA  000094  00028E       3F4       0  CODE        2
                text2                          00028E  00009B  000329       51C       0  CODE        2
                text4                          000329  0000AC  0003D5       652       0  CODE        2
                text8                          0003D5  0001B4  000589       7AA       0  CODE        2
                text6                          000589  000257  0007E0       B12       0  CODE        2
                cinit                          0007E0  000020  000800       FC0       0  CODE        2
                idataBANK1                     000EAD  000004  000EB1      1D5A       0  CODE        2
                text16                         000EB1  000005  000EB6      1D62       0  CODE        2
                clrtext                        000EB6  000006  000EBC      1D6C       0  CODE        2
                text20                         000EBC  000008  000EC4      1D78       0  CODE        2
                text19                         000EC4  000008  000ECC      1D88       0  CODE        2
                text12                         000ECC  000009  000ED5      1D98       0  CODE        2
                text17                         000ED5  00000E  000EE3      1DAA       0  CODE        2
                text15                         000EE3  000016  000EF9      1DC6       0  CODE        2
                text11                         000EF9  00001C  000F15      1DF2       0  CODE        2
                text10                         000F15  00001C  000F31      1E2A       0  CODE        2
                text7                          000F31  000023  000F54      1E62       0  CODE        2
                text18                         000F54  000037  000F8B      1EA8       0  CODE        2
                text5                          000F8B  000075  001000      1F16       0  CODE        2


UNUSED ADDRESS RANGES

        Name                Unused          Largest block    Delta
        BANK1            000A8-000EF              48           1
        BANK2            00120-0016F              50           1
        BANK3            001A0-001EF              50           1
        BANK4            00220-0026F              50           1
        BANK5            002A0-002EF              50           1
        BANK6            00320-0032F              10           1
        BIGRAM           02000-021EF             1F0           1
        CODE             00004-00005               2           2
                         00800-00EAC             6AD
        CONST            00004-00005               2           2
                         00800-00EAC             100
        ENTRY            00004-00005               2           2
                         00800-00EAC             100
        IDLOC            08000-08003               4           2
        RAM              000A8-000EF              48           1
                         00120-0016F              50
                         001A0-001EF              50
                         00220-0026F              50
                         002A0-002EF              50
                         00320-0032F              10
        SFR0             00000-0001F              20           1
        SFR1             00080-0009F              20           1
        SFR10            00500-0056F              70           1
        SFR11            00580-005EF              70           1
        SFR12            00600-0066F              70           1
        SFR13            00680-006EF              70           1
        SFR14            00700-0076F              70           1
        SFR15            00780-007EF              70           1
        SFR16            00800-0086F              70           1
        SFR17            00880-008EF              70           1
        SFR18            00900-0096F              70           1
        SFR19            00980-009EF              70           1
        SFR2             00100-0011F              20           1
        SFR20            00A00-00A6F              70           1
        SFR21            00A80-00AEF              70           1
        SFR22            00B00-00B6F              70           1
        SFR23            00B80-00BEF              70           1
        SFR24            00C00-00C6F              70           1
        SFR25            00C80-00CEF              70           1
        SFR26            00D00-00D6F              70           1
        SFR27            00D80-00DEF              70           1
        SFR28            00E00-00E6F              70           1
        SFR29            00E80-00EEF              70           1
        SFR3             00180-0019F              20           1
        SFR30            00F00-00F6F              70           1
        SFR31            00F80-00FEF              70           1
        SFR32            01000-0106F              70           1
        SFR33            01080-010EF              70           1
        SFR34            01100-0116F              70           1
        SFR35            01180-011EF              70           1
        SFR36            01200-0126F              70           1
        SFR37            01280-012EF              70           1
        SFR38            01300-0136F              70           1
        SFR39            01380-013EF              70           1
        SFR4             00200-0021F              20           1
        SFR40            01400-0146F              70           1
        SFR41            01480-014EF              70           1
        SFR42            01500-0156F              70           1
        SFR43            01580-015EF              70           1
        SFR44            01600-0166F              70           1
        SFR45            01680-016EF              70           1
        SFR46            01700-0176F              70           1
        SFR47            01780-017EF              70           1
        SFR48            01800-0186F              70           1
        SFR49            01880-018EF              70           1
        SFR5             00280-0029F              20           1
        SFR50            01900-0196F              70           1
        SFR51            01980-019EF              70           1
        SFR52            01A00-01A6F              70           1
        SFR53            01A80-01AEF              70           1
        SFR54            01B00-01B6F              70           1
        SFR55            01B80-01BEF              70           1
        SFR56            01C00-01C6F              70           1
        SFR57            01C80-01CEF              70           1
        SFR58            01D00-01D6F              70           1
        SFR59            01D80-01DEF              70           1
        SFR6             00300-0031F              20           1
        SFR60            01E00-01E6F              70           1
        SFR61            01E80-01EEF              70           1
        SFR62            01F00-01F6F              70           1
        SFR63            01F80-01FEF              70           1
        SFR7             00380-003EF              70           1
        SFR8             00400-0046F              70           1
        SFR9             00480-004EF              70           1
        STACK            02058-021EF             198           1
        STRCODE          00004-00005               2           2
                         00800-00EAC             6AD
        STRING           00004-00005               2           2
                         00800-00EAC             100

                                  Symbol Table

?__Umul8_16                     cstackCOMMON 00070
?___fldiv                       cstackBANK0  0003A
?___flmul                       cstackBANK0  00020
?___fltol                       cstackBANK0  00054
?___xxtofl                      cstackCOMMON 00070
PWM3_LoadDutyValue@dutyValue    cstackCOMMON 00070
PWM4_LoadDutyValue@dutyValue    cstackCOMMON 00070
_ANSELA                         (abs)        01F38
_ANSELB                         (abs)        01F43
_ANSELC                         (abs)        01F4E
_INLVLA                         (abs)        01F3C
_INLVLB                         (abs)        01F47
_INLVLC                         (abs)        01F52
_InicializacionPWM3             text20       00EBC
_InicializacionPWM4             text19       00EC4
_InicializacionPuertos          text18       00F54
_InicializacionTimer2           text17       00ED5
_LATA                           (abs)        00018
_LATAbits                       (abs)        00018
_LATB                           (abs)        00019
_LATBbits                       (abs)        00019
_LATC                           (abs)        0001A
_LATCbits                       (abs)        0001A
_ODCONA                         (abs)        01F3A
_ODCONB                         (abs)        01F45
_ODCONC                         (abs)        01F50
_OSCEN                          (abs)        00891
_OSCFRQ                         (abs)        00893
_OSCILLATOR_Initialize          text16       00EB1
_OSCTUNE                        (abs)        00892
_PIR1bits                       (abs)        0070D
_PORTBbits                      (abs)        0000D
_PORTCbits                      (abs)        0000E
_PWM3CON                        (abs)        00316
_PWM3DCH                        (abs)        00315
_PWM3DCL                        (abs)        00314
_PWM3_LoadDutyValue             text15       00EE3
_PWM4CON                        (abs)        0031A
_PWM4DCH                        (abs)        00319
_PWM4DCL                        (abs)        00318
_PWM4_LoadDutyValue             text14       00006
_RA1PPS                         (abs)        01F11
_RC3PPS                         (abs)        01F23
_SLRCONA                        (abs)        01F3B
_SLRCONB                        (abs)        01F46
_SLRCONC                        (abs)        01F51
_T1CLK                          (abs)        00211
_T1CON                          (abs)        0020E
_T1GATE                         (abs)        00210
_T1GCON                         (abs)        0020F
_T2CLKCON                       (abs)        00290
_T2CON                          (abs)        0028E
_T2HLT                          (abs)        0028F
_T2PR                           (abs)        0028D
_T2RST                          (abs)        00291
_T2TMR                          (abs)        0028C
_TMR1H                          (abs)        0020D
_TMR1IF                         (abs)        0386D
_TMR1L                          (abs)        0020C
_TMR1ON                         (abs)        01070
_TRISA                          (abs)        00012
_TRISA1                         (abs)        00091
_TRISA2                         (abs)        00092
_TRISA4                         (abs)        00094
_TRISA5                         (abs)        00095
_TRISB                          (abs)        00013
_TRISB4                         (abs)        0009C
_TRISB5                         (abs)        0009D
_TRISB6                         (abs)        0009E
_TRISB7                         (abs)        0009F
_TRISC                          (abs)        00014
_TRISC0                         (abs)        000A0
_TRISC1                         (abs)        000A1
_TRISC3                         (abs)        000A3
_TRISC4                         (abs)        000A4
_TRISC5                         (abs)        000A5
_TRISC6                         (abs)        000A6
_TRISC7                         (abs)        000A7
_WPUA                           (abs)        01F39
_WPUB                           (abs)        01F44
_WPUC                           (abs)        01F4F
__Habs1                         abs1         00000
__Hbank0                        bank0        00000
__Hbank1                        bank1        00000
__Hbank10                       bank10       00000
__Hbank11                       bank11       00000
__Hbank12                       bank12       00000
__Hbank13                       bank13       00000
__Hbank14                       bank14       00000
__Hbank15                       bank15       00000
__Hbank16                       bank16       00000
__Hbank17                       bank17       00000
__Hbank18                       bank18       00000
__Hbank19                       bank19       00000
__Hbank2                        bank2        00000
__Hbank20                       bank20       00000
__Hbank21                       bank21       00000
__Hbank22                       bank22       00000
__Hbank23                       bank23       00000
__Hbank24                       bank24       00000
__Hbank25                       bank25       00000
__Hbank26                       bank26       00000
__Hbank27                       bank27       00000
__Hbank28                       bank28       00000
__Hbank29                       bank29       00000
__Hbank3                        bank3        00000
__Hbank30                       bank30       00000
__Hbank31                       bank31       00000
__Hbank32                       bank32       00000
__Hbank33                       bank33       00000
__Hbank34                       bank34       00000
__Hbank35                       bank35       00000
__Hbank36                       bank36       00000
__Hbank37                       bank37       00000
__Hbank38                       bank38       00000
__Hbank39                       bank39       00000
__Hbank4                        bank4        00000
__Hbank40                       bank40       00000
__Hbank41                       bank41       00000
__Hbank42                       bank42       00000
__Hbank43                       bank43       00000
__Hbank44                       bank44       00000
__Hbank45                       bank45       00000
__Hbank46                       bank46       00000
__Hbank47                       bank47       00000
__Hbank48                       bank48       00000
__Hbank49                       bank49       00000
__Hbank5                        bank5        00000
__Hbank50                       bank50       00000
__Hbank51                       bank51       00000
__Hbank52                       bank52       00000
__Hbank53                       bank53       00000
__Hbank54                       bank54       00000
__Hbank55                       bank55       00000
__Hbank56                       bank56       00000
__Hbank57                       bank57       00000
__Hbank58                       bank58       00000
__Hbank59                       bank59       00000
__Hbank6                        bank6        00000
__Hbank60                       bank60       00000
__Hbank61                       bank61       00000
__Hbank62                       bank62       00000
__Hbank63                       bank63       00000
__Hbank7                        bank7        00000
__Hbank8                        bank8        00000
__Hbank9                        bank9        00000
__Hbigram                       bigram       00000
__HbssBANK0                     bssBANK0     00000
__HbssBANK1                     bssBANK1     00000
__Hcinit                        cinit        00800
__Hclrtext                      clrtext      00000
__Hcode                         code         00000
__Hcommon                       common       00000
__Hconfig                       config       0800C
__HcstackBANK0                  cstackBANK0  00000
__HcstackCOMMON                 cstackCOMMON 00000
__HdataBANK1                    dataBANK1    00000
__Heeprom_data                  eeprom_data  00000
__Hend_init                     end_init     00004
__Hfunctab                      functab      00000
__HidataBANK1                   idataBANK1   00000
__Hinit                         init         00002
__Hintentry                     intentry     00002
__Hmaintext                     maintext     00000
__Hpowerup                      powerup      00000
__Hram                          ram          00000
__Hreset_vec                    reset_vec    00002
__Hsfr0                         sfr0         00000
__Hsfr1                         sfr1         00000
__Hsfr10                        sfr10        00000
__Hsfr11                        sfr11        00000
__Hsfr12                        sfr12        00000
__Hsfr13                        sfr13        00000
__Hsfr14                        sfr14        00000
__Hsfr15                        sfr15        00000
__Hsfr16                        sfr16        00000
__Hsfr17                        sfr17        00000
__Hsfr18                        sfr18        00000
__Hsfr19                        sfr19        00000
__Hsfr2                         sfr2         00000
__Hsfr20                        sfr20        00000
__Hsfr21                        sfr21        00000
__Hsfr22                        sfr22        00000
__Hsfr23                        sfr23        00000
__Hsfr24                        sfr24        00000
__Hsfr25                        sfr25        00000
__Hsfr26                        sfr26        00000
__Hsfr27                        sfr27        00000
__Hsfr28                        sfr28        00000
__Hsfr29                        sfr29        00000
__Hsfr3                         sfr3         00000
__Hsfr30                        sfr30        00000
__Hsfr31                        sfr31        00000
__Hsfr32                        sfr32        00000
__Hsfr33                        sfr33        00000
__Hsfr34                        sfr34        00000
__Hsfr35                        sfr35        00000
__Hsfr36                        sfr36        00000
__Hsfr37                        sfr37        00000
__Hsfr38                        sfr38        00000
__Hsfr39                        sfr39        00000
__Hsfr4                         sfr4         00000
__Hsfr40                        sfr40        00000
__Hsfr41                        sfr41        00000
__Hsfr42                        sfr42        00000
__Hsfr43                        sfr43        00000
__Hsfr44                        sfr44        00000
__Hsfr45                        sfr45        00000
__Hsfr46                        sfr46        00000
__Hsfr47                        sfr47        00000
__Hsfr48                        sfr48        00000
__Hsfr49                        sfr49        00000
__Hsfr5                         sfr5         00000
__Hsfr50                        sfr50        00000
__Hsfr51                        sfr51        00000
__Hsfr52                        sfr52        00000
__Hsfr53                        sfr53        00000
__Hsfr54                        sfr54        00000
__Hsfr55                        sfr55        00000
__Hsfr56                        sfr56        00000
__Hsfr57                        sfr57        00000
__Hsfr58                        sfr58        00000
__Hsfr59                        sfr59        00000
__Hsfr6                         sfr6         00000
__Hsfr60                        sfr60        00000
__Hsfr61                        sfr61        00000
__Hsfr62                        sfr62        00000
__Hsfr63                        sfr63        00000
__Hsfr7                         sfr7         00000
__Hsfr8                         sfr8         00000
__Hsfr9                         sfr9         00000
__Hspace_0                      (abs)        01000
__Hspace_1                      (abs)        000A8
__Hspace_2                      (abs)        00000
__Hspace_3                      (abs)        00000
__Hspace_4                      (abs)        10013
__Hstack                        stack        00000
__Hstrings                      strings      00000
__Htext                         text         00000
__Labs1                         abs1         00000
__Lbank0                        bank0        00000
__Lbank1                        bank1        00000
__Lbank10                       bank10       00000
__Lbank11                       bank11       00000
__Lbank12                       bank12       00000
__Lbank13                       bank13       00000
__Lbank14                       bank14       00000
__Lbank15                       bank15       00000
__Lbank16                       bank16       00000
__Lbank17                       bank17       00000
__Lbank18                       bank18       00000
__Lbank19                       bank19       00000
__Lbank2                        bank2        00000
__Lbank20                       bank20       00000
__Lbank21                       bank21       00000
__Lbank22                       bank22       00000
__Lbank23                       bank23       00000
__Lbank24                       bank24       00000
__Lbank25                       bank25       00000
__Lbank26                       bank26       00000
__Lbank27                       bank27       00000
__Lbank28                       bank28       00000
__Lbank29                       bank29       00000
__Lbank3                        bank3        00000
__Lbank30                       bank30       00000
__Lbank31                       bank31       00000
__Lbank32                       bank32       00000
__Lbank33                       bank33       00000
__Lbank34                       bank34       00000
__Lbank35                       bank35       00000
__Lbank36                       bank36       00000
__Lbank37                       bank37       00000
__Lbank38                       bank38       00000
__Lbank39                       bank39       00000
__Lbank4                        bank4        00000
__Lbank40                       bank40       00000
__Lbank41                       bank41       00000
__Lbank42                       bank42       00000
__Lbank43                       bank43       00000
__Lbank44                       bank44       00000
__Lbank45                       bank45       00000
__Lbank46                       bank46       00000
__Lbank47                       bank47       00000
__Lbank48                       bank48       00000
__Lbank49                       bank49       00000
__Lbank5                        bank5        00000
__Lbank50                       bank50       00000
__Lbank51                       bank51       00000
__Lbank52                       bank52       00000
__Lbank53                       bank53       00000
__Lbank54                       bank54       00000
__Lbank55                       bank55       00000
__Lbank56                       bank56       00000
__Lbank57                       bank57       00000
__Lbank58                       bank58       00000
__Lbank59                       bank59       00000
__Lbank6                        bank6        00000
__Lbank60                       bank60       00000
__Lbank61                       bank61       00000
__Lbank62                       bank62       00000
__Lbank63                       bank63       00000
__Lbank7                        bank7        00000
__Lbank8                        bank8        00000
__Lbank9                        bank9        00000
__Lbigram                       bigram       00000
__LbssBANK0                     bssBANK0     00000
__LbssBANK1                     bssBANK1     00000
__Lcinit                        cinit        007E0
__Lclrtext                      clrtext      00000
__Lcode                         code         00000
__Lcommon                       common       00000
__Lconfig                       config       00000
__LcstackBANK0                  cstackBANK0  00000
__LcstackCOMMON                 cstackCOMMON 00000
__LdataBANK1                    dataBANK1    00000
__Leeprom_data                  eeprom_data  00000
__Lend_init                     end_init     00002
__Lfunctab                      functab      00000
__LidataBANK1                   idataBANK1   00000
__Linit                         init         00002
__Lintentry                     intentry     00002
__Lmaintext                     maintext     00000
__Lpowerup                      powerup      00000
__Lram                          ram          00000
__Lreset_vec                    reset_vec    00000
__Lsfr0                         sfr0         00000
__Lsfr1                         sfr1         00000
__Lsfr10                        sfr10        00000
__Lsfr11                        sfr11        00000
__Lsfr12                        sfr12        00000
__Lsfr13                        sfr13        00000
__Lsfr14                        sfr14        00000
__Lsfr15                        sfr15        00000
__Lsfr16                        sfr16        00000
__Lsfr17                        sfr17        00000
__Lsfr18                        sfr18        00000
__Lsfr19                        sfr19        00000
__Lsfr2                         sfr2         00000
__Lsfr20                        sfr20        00000
__Lsfr21                        sfr21        00000
__Lsfr22                        sfr22        00000
__Lsfr23                        sfr23        00000
__Lsfr24                        sfr24        00000
__Lsfr25                        sfr25        00000
__Lsfr26                        sfr26        00000
__Lsfr27                        sfr27        00000
__Lsfr28                        sfr28        00000
__Lsfr29                        sfr29        00000
__Lsfr3                         sfr3         00000
__Lsfr30                        sfr30        00000
__Lsfr31                        sfr31        00000
__Lsfr32                        sfr32        00000
__Lsfr33                        sfr33        00000
__Lsfr34                        sfr34        00000
__Lsfr35                        sfr35        00000
__Lsfr36                        sfr36        00000
__Lsfr37                        sfr37        00000
__Lsfr38                        sfr38        00000
__Lsfr39                        sfr39        00000
__Lsfr4                         sfr4         00000
__Lsfr40                        sfr40        00000
__Lsfr41                        sfr41        00000
__Lsfr42                        sfr42        00000
__Lsfr43                        sfr43        00000
__Lsfr44                        sfr44        00000
__Lsfr45                        sfr45        00000
__Lsfr46                        sfr46        00000
__Lsfr47                        sfr47        00000
__Lsfr48                        sfr48        00000
__Lsfr49                        sfr49        00000
__Lsfr5                         sfr5         00000
__Lsfr50                        sfr50        00000
__Lsfr51                        sfr51        00000
__Lsfr52                        sfr52        00000
__Lsfr53                        sfr53        00000
__Lsfr54                        sfr54        00000
__Lsfr55                        sfr55        00000
__Lsfr56                        sfr56        00000
__Lsfr57                        sfr57        00000
__Lsfr58                        sfr58        00000
__Lsfr59                        sfr59        00000
__Lsfr6                         sfr6         00000
__Lsfr60                        sfr60        00000
__Lsfr61                        sfr61        00000
__Lsfr62                        sfr62        00000
__Lsfr63                        sfr63        00000
__Lsfr7                         sfr7         00000
__Lsfr8                         sfr8         00000
__Lsfr9                         sfr9         00000
__Lspace_0                      (abs)        00000
__Lspace_1                      (abs)        00000
__Lspace_2                      (abs)        00000
__Lspace_3                      (abs)        00000
__Lspace_4                      (abs)        00000
__Lstack                        stack        00000
__Lstrings                      strings      00000
__Ltext                         text         00000
__S0                            (abs)        01000
__S1                            (abs)        000A8
__S2                            (abs)        00000
__Umul8_16                      text7        00F31
__Umul8_16@multiplicand         cstackCOMMON 00070
__Umul8_16@multiplier           cstackCOMMON 00078
__Umul8_16@product              cstackCOMMON 00074
__Umul8_16@word_mpld            cstackCOMMON 00076
___fldiv                        text8        003D5
___fldiv@a                      cstackBANK0  0003A
___fldiv@aexp                   cstackBANK0  00053
___fldiv@b                      cstackBANK0  0003E
___fldiv@bexp                   cstackBANK0  00052
___fldiv@grs                    cstackBANK0  0004E
___fldiv@new_exp                cstackBANK0  0004C
___fldiv@rem                    cstackBANK0  00047
___fldiv@sign                   cstackBANK0  0004B
___flmul                        text6        00589
___flmul@a                      cstackBANK0  00024
___flmul@aexp                   cstackBANK0  00032
___flmul@b                      cstackBANK0  00020
___flmul@bexp                   cstackBANK0  00033
___flmul@grs                    cstackBANK0  0002E
___flmul@prod                   cstackBANK0  00034
___flmul@sign                   cstackBANK0  0002D
___flmul@temp                   cstackBANK0  00038
___fltol                        text5        00F8B
___fltol@exp1                   cstackBANK0  0005E
___fltol@f1                     cstackBANK0  00054
___fltol@sign1                  cstackBANK0  0005D
___int_sp                       stack        00000
___latbits                      (abs)        00001
___sp                           stack        00000
___stackhi                      (abs)        021EF
___stacklo                      (abs)        02058
___xxtofl                       text4        00329
___xxtofl@arg                   cstackCOMMON 0007A
___xxtofl@exp                   cstackCOMMON 00079
___xxtofl@sign                  cstackCOMMON 00078
___xxtofl@val                   cstackCOMMON 00070
__end_of_InicializacionPWM3     text20       00EC4
__end_of_InicializacionPWM4     text19       00ECC
__end_of_InicializacionPuertos  text18       00F8B
__end_of_InicializacionTimer2   text17       00EE3
__end_of_OSCILLATOR_Initialize  text16       00EB6
__end_of_PWM3_LoadDutyValue     text15       00EF9
__end_of_PWM4_LoadDutyValue     text14       0001C
__end_of__Umul8_16              text7        00F54
__end_of___fldiv                text8        00589
__end_of___flmul                text6        007E0
__end_of___fltol                text5        01000
__end_of___xxtofl               text4        003D5
__end_of__initialization        cinit        007FD
__end_of_avanzar                text13       000D8
__end_of_detenerse              text12       00ED5
__end_of_giro_derecha           text11       00F15
__end_of_giro_izquierda         text10       00F31
__end_of_main                   maintext     00055
__end_of_movimientos            text9        00166
__end_of_sensor_centro          text3        001FA
__end_of_sensor_derecho         text2        00329
__end_of_sensor_izquierdo       text1        0028E
__initialization                cinit        007E0
__pbssBANK0                     bssBANK0     00063
__pbssBANK1                     bssBANK1     000A0
__pcstackBANK0                  cstackBANK0  00020
__pcstackCOMMON                 cstackCOMMON 00070
__pdataBANK1                    dataBANK1    000A4
__pidataBANK1                   idataBANK1   00EAD
__pmaintext                     maintext     0001C
__ptext1                        text1        001FA
__ptext10                       text10       00F15
__ptext11                       text11       00EF9
__ptext12                       text12       00ECC
__ptext13                       text13       00055
__ptext14                       text14       00006
__ptext15                       text15       00EE3
__ptext16                       text16       00EB1
__ptext17                       text17       00ED5
__ptext18                       text18       00F54
__ptext19                       text19       00EC4
__ptext2                        text2        0028E
__ptext20                       text20       00EBC
__ptext3                        text3        00166
__ptext4                        text4        00329
__ptext5                        text5        00F8B
__ptext6                        text6        00589
__ptext7                        text7        00F31
__ptext8                        text8        003D5
__ptext9                        text9        000D8
__size_of_InicializacionPWM3    (abs)        00000
__size_of_InicializacionPWM4    (abs)        00000
__size_of_InicializacionPuertos (abs)        00000
__size_of_InicializacionTimer2  (abs)        00000
__size_of_OSCILLATOR_Initialize (abs)        00000
__size_of_PWM3_LoadDutyValue    (abs)        00000
__size_of_PWM4_LoadDutyValue    (abs)        00000
__size_of__Umul8_16             (abs)        00000
__size_of___fldiv               (abs)        00000
__size_of___flmul               (abs)        00000
__size_of___fltol               (abs)        00000
__size_of___xxtofl              (abs)        00000
__size_of_avanzar               (abs)        00000
__size_of_detenerse             (abs)        00000
__size_of_giro_derecha          (abs)        00000
__size_of_giro_izquierda        (abs)        00000
__size_of_main                  (abs)        00000
__size_of_movimientos           (abs)        00000
__size_of_sensor_centro         (abs)        00000
__size_of_sensor_derecho        (abs)        00000
__size_of_sensor_izquierdo      (abs)        00000
_avanzar                        text13       00055
_conteo_cen                     bssBANK0     00065
_conteo_der                     bssBANK1     000A2
_conteo_izq                     bssBANK0     00063
_detenerse                      text12       00ECC
_distanciaderecha               bssBANK0     00067
_distanciafrontal               bssBANK0     0006B
_distanciaizquierda             bssBANK0     00069
_giro_derecha                   text11       00EF9
_giro_izquierda                 text10       00F15
_main                           maintext     0001C
_movimientos                    text9        000D8
_scen                           bssBANK0     0006F
_sder                           bssBANK0     0006D
_sensor_centro                  text3        00166
_sensor_derecho                 text2        0028E
_sensor_izquierdo               text1        001FA
_sizq                           bssBANK0     0006E
_timer1ReloadVal                bssBANK1     000A0
avanzar@dutyCycleDerecha        cstackCOMMON 00077
avanzar@dutyCycleIzquierda      cstackCOMMON 00075
btemp                           (abs)        0007E
clear_ram0                      clrtext      00EB6
end_of_initialization           cinit        007FD
intlevel0                       functab      00000
intlevel1                       functab      00000
intlevel2                       functab      00000
intlevel3                       functab      00000
intlevel4                       functab      00000
intlevel5                       functab      00000
reset_vec                       reset_vec    00000
start                           init         00002
start_initialization            cinit        007E0
wtemp0                          (abs)        0007E


FUNCTION INFORMATION:

 *************** function _main *****************
 Defined at:
		line 431 in file "principal.c"
 Parameters:    Size  Location     Type
		None
 Auto vars:     Size  Location     Type
		None
 Return value:  Size  Location     Type
                  1    wreg      void 
 Registers used:
		wreg, status,2, status,0, pclath, cstack
 Tracked objects:
		On entry : 
		On exit  : 
		Unchanged: 
 Data sizes:     COMMON   BANK0   BANK1   BANK2   BANK3   BANK4   BANK5   BANK6
      Params:         0       0       0       0       0       0       0       0
      Locals:         0       0       0       0       0       0       0       0
      Temps:          0       1       0       0       0       0       0       0
      Totals:         0       1       0       0       0       0       0       0
Total ram usage:        1 bytes
 Hardware stack levels required when called:    3
 This function calls:
		_InicializacionPWM3
		_InicializacionPWM4
		_InicializacionPuertos
		_InicializacionTimer2
		_OSCILLATOR_Initialize
		_movimientos
		_sensor_centro
		_sensor_derecho
		_sensor_izquierdo
 This function is called by:
		Startup code after reset
 This function uses a non-reentrant model


 *************** function _sensor_izquierdo *****************
 Defined at:
		line 206 in file "principal.c"
 Parameters:    Size  Location     Type
		None
 Auto vars:     Size  Location     Type
		None
 Return value:  Size  Location     Type
                  1    wreg      void 
 Registers used:
		wreg, status,2, status,0, pclath, cstack
 Tracked objects:
		On entry : 
		On exit  : 
		Unchanged: 
 Data sizes:     COMMON   BANK0   BANK1   BANK2   BANK3   BANK4   BANK5   BANK6
      Params:         0       0       0       0       0       0       0       0
      Locals:         0       0       0       0       0       0       0       0
      Temps:          0       3       0       0       0       0       0       0
      Totals:         0       3       0       0       0       0       0       0
Total ram usage:        3 bytes
 Hardware stack levels used:    1
 Hardware stack levels required when called:    2
 This function calls:
		___fldiv
		___flmul
		___fltol
		___xxtofl
 This function is called by:
		_main
 This function uses a non-reentrant model


 *************** function _sensor_derecho *****************
 Defined at:
		line 239 in file "principal.c"
 Parameters:    Size  Location     Type
		None
 Auto vars:     Size  Location     Type
		None
 Return value:  Size  Location     Type
                  1    wreg      void 
 Registers used:
		wreg, status,2, status,0, pclath, cstack
 Tracked objects:
		On entry : 
		On exit  : 
		Unchanged: 
 Data sizes:     COMMON   BANK0   BANK1   BANK2   BANK3   BANK4   BANK5   BANK6
      Params:         0       0       0       0       0       0       0       0
      Locals:         0       0       0       0       0       0       0       0
      Temps:          0       3       0       0       0       0       0       0
      Totals:         0       3       0       0       0       0       0       0
Total ram usage:        3 bytes
 Hardware stack levels used:    1
 Hardware stack levels required when called:    2
 This function calls:
		___fldiv
		___flmul
		___fltol
		___xxtofl
 This function is called by:
		_main
 This function uses a non-reentrant model


 *************** function _sensor_centro *****************
 Defined at:
		line 173 in file "principal.c"
 Parameters:    Size  Location     Type
		None
 Auto vars:     Size  Location     Type
		None
 Return value:  Size  Location     Type
                  1    wreg      void 
 Registers used:
		wreg, status,2, status,0, pclath, cstack
 Tracked objects:
		On entry : 
		On exit  : 
		Unchanged: 
 Data sizes:     COMMON   BANK0   BANK1   BANK2   BANK3   BANK4   BANK5   BANK6
      Params:         0       0       0       0       0       0       0       0
      Locals:         0       0       0       0       0       0       0       0
      Temps:          0       3       0       0       0       0       0       0
      Totals:         0       3       0       0       0       0       0       0
Total ram usage:        3 bytes
 Hardware stack levels used:    1
 Hardware stack levels required when called:    2
 This function calls:
		___fldiv
		___flmul
		___fltol
		___xxtofl
 This function is called by:
		_main
 This function uses a non-reentrant model


 *************** function ___xxtofl *****************
 Defined at:
		line 10 in file "C:\Program Files\Microchip\xc8\v2.31\pic\sources\c99\common\xxtofl.c"
 Parameters:    Size  Location     Type
  sign            1    wreg     unsigned char 
  val             4    0[COMMON] long 
 Auto vars:     Size  Location     Type
  sign            1    8[COMMON] unsigned char 
  arg             4   10[COMMON] unsigned long 
  exp             1    9[COMMON] unsigned char 
 Return value:  Size  Location     Type
                  4    0[COMMON] unsigned char 
 Registers used:
		wreg, status,2, status,0
 Tracked objects:
		On entry : 
		On exit  : 
		Unchanged: 
 Data sizes:     COMMON   BANK0   BANK1   BANK2   BANK3   BANK4   BANK5   BANK6
      Params:         4       0       0       0       0       0       0       0
      Locals:         6       0       0       0       0       0       0       0
      Temps:          4       0       0       0       0       0       0       0
      Totals:        14       0       0       0       0       0       0       0
Total ram usage:       14 bytes
 Hardware stack levels used:    1
 This function calls:
		Nothing
 This function is called by:
		_sensor_centro
		_sensor_izquierdo
		_sensor_derecho
 This function uses a non-reentrant model


 *************** function ___fltol *****************
 Defined at:
		line 43 in file "C:\Program Files\Microchip\xc8\v2.31\pic\sources\c99\common\fltol.c"
 Parameters:    Size  Location     Type
  f1              4   52[BANK0 ] unsigned char 
 Auto vars:     Size  Location     Type
  exp1            1   62[BANK0 ] unsigned char 
  sign1           1   61[BANK0 ] unsigned char 
 Return value:  Size  Location     Type
                  4   52[BANK0 ] long 
 Registers used:
		wreg, status,2, status,0
 Tracked objects:
		On entry : 
		On exit  : 
		Unchanged: 
 Data sizes:     COMMON   BANK0   BANK1   BANK2   BANK3   BANK4   BANK5   BANK6
      Params:         0       4       0       0       0       0       0       0
      Locals:         0       2       0       0       0       0       0       0
      Temps:          0       5       0       0       0       0       0       0
      Totals:         0      11       0       0       0       0       0       0
Total ram usage:       11 bytes
 Hardware stack levels used:    1
 This function calls:
		Nothing
 This function is called by:
		_sensor_centro
		_sensor_izquierdo
		_sensor_derecho
 This function uses a non-reentrant model


 *************** function ___flmul *****************
 Defined at:
		line 8 in file "C:\Program Files\Microchip\xc8\v2.31\pic\sources\c99\common\sprcmul.c"
 Parameters:    Size  Location     Type
  b               4    0[BANK0 ] long 
  a               4    4[BANK0 ] long 
 Auto vars:     Size  Location     Type
  prod            4   20[BANK0 ] struct .
  grs             4   14[BANK0 ] unsigned long 
  temp            2   24[BANK0 ] struct .
  bexp            1   19[BANK0 ] unsigned char 
  aexp            1   18[BANK0 ] unsigned char 
  sign            1   13[BANK0 ] unsigned char 
 Return value:  Size  Location     Type
                  4    0[BANK0 ] unsigned char 
 Registers used:
		wreg, status,2, status,0, pclath, cstack
 Tracked objects:
		On entry : 
		On exit  : 
		Unchanged: 
 Data sizes:     COMMON   BANK0   BANK1   BANK2   BANK3   BANK4   BANK5   BANK6
      Params:         0       8       0       0       0       0       0       0
      Locals:         0      13       0       0       0       0       0       0
      Temps:          0       5       0       0       0       0       0       0
      Totals:         0      26       0       0       0       0       0       0
Total ram usage:       26 bytes
 Hardware stack levels used:    1
 Hardware stack levels required when called:    1
 This function calls:
		__Umul8_16
 This function is called by:
		_sensor_centro
		_sensor_izquierdo
		_sensor_derecho
 This function uses a non-reentrant model


 *************** function __Umul8_16 *****************
 Defined at:
		line 4 in file "C:\Program Files\Microchip\xc8\v2.31\pic\sources\c99\common\Umul8_16.c"
 Parameters:    Size  Location     Type
  multiplier      1    wreg     unsigned char 
  multiplicand    1    0[COMMON] unsigned char 
 Auto vars:     Size  Location     Type
  multiplier      1    8[COMMON] unsigned char 
  word_mpld       2    6[COMMON] unsigned int 
  product         2    4[COMMON] unsigned int 
 Return value:  Size  Location     Type
                  2    0[COMMON] unsigned int 
 Registers used:
		wreg, status,2, status,0
 Tracked objects:
		On entry : 
		On exit  : 
		Unchanged: 
 Data sizes:     COMMON   BANK0   BANK1   BANK2   BANK3   BANK4   BANK5   BANK6
      Params:         2       0       0       0       0       0       0       0
      Locals:         5       0       0       0       0       0       0       0
      Temps:          2       0       0       0       0       0       0       0
      Totals:         9       0       0       0       0       0       0       0
Total ram usage:        9 bytes
 Hardware stack levels used:    1
 This function calls:
		Nothing
 This function is called by:
		___flmul
 This function uses a non-reentrant model


 *************** function ___fldiv *****************
 Defined at:
		line 8 in file "C:\Program Files\Microchip\xc8\v2.31\pic\sources\c99\common\sprcdiv.c"
 Parameters:    Size  Location     Type
  a               4   26[BANK0 ] unsigned int 
  b               4   30[BANK0 ] unsigned int 
 Auto vars:     Size  Location     Type
  grs             4   46[BANK0 ] unsigned long 
  rem             4   39[BANK0 ] unsigned long 
  new_exp         2   44[BANK0 ] int 
  aexp            1   51[BANK0 ] unsigned char 
  bexp            1   50[BANK0 ] unsigned char 
  sign            1   43[BANK0 ] unsigned char 
 Return value:  Size  Location     Type
                  4   26[BANK0 ] unsigned char 
 Registers used:
		wreg, status,2, status,0
 Tracked objects:
		On entry : 
		On exit  : 
		Unchanged: 
 Data sizes:     COMMON   BANK0   BANK1   BANK2   BANK3   BANK4   BANK5   BANK6
      Params:         0       8       0       0       0       0       0       0
      Locals:         0      13       0       0       0       0       0       0
      Temps:          0       5       0       0       0       0       0       0
      Totals:         0      26       0       0       0       0       0       0
Total ram usage:       26 bytes
 Hardware stack levels used:    1
 This function calls:
		Nothing
 This function is called by:
		_sensor_centro
		_sensor_izquierdo
		_sensor_derecho
 This function uses a non-reentrant model


 *************** function _movimientos *****************
 Defined at:
		line 393 in file "principal.c"
 Parameters:    Size  Location     Type
		None
 Auto vars:     Size  Location     Type
		None
 Return value:  Size  Location     Type
                  1    wreg      void 
 Registers used:
		wreg, status,2, status,0, pclath, cstack
 Tracked objects:
		On entry : 
		On exit  : 
		Unchanged: 
 Data sizes:     COMMON   BANK0   BANK1   BANK2   BANK3   BANK4   BANK5   BANK6
      Params:         0       0       0       0       0       0       0       0
      Locals:         0       0       0       0       0       0       0       0
      Temps:          0       0       0       0       0       0       0       0
      Totals:         0       0       0       0       0       0       0       0
Total ram usage:        0 bytes
 Hardware stack levels used:    1
 Hardware stack levels required when called:    2
 This function calls:
		_avanzar
		_detenerse
		_giro_derecha
		_giro_izquierda
 This function is called by:
		_main
 This function uses a non-reentrant model


 *************** function _giro_izquierda *****************
 Defined at:
		line 364 in file "principal.c"
 Parameters:    Size  Location     Type
		None
 Auto vars:     Size  Location     Type
  dutyCycleDer    2    0        unsigned short 
  dutyCycleIzq    2    0        unsigned short 
 Return value:  Size  Location     Type
                  1    wreg      void 
 Registers used:
		wreg, status,2, status,0, pclath, cstack
 Tracked objects:
		On entry : 
		On exit  : 
		Unchanged: 
 Data sizes:     COMMON   BANK0   BANK1   BANK2   BANK3   BANK4   BANK5   BANK6
      Params:         0       0       0       0       0       0       0       0
      Locals:         4       0       0       0       0       0       0       0
      Temps:          0       0       0       0       0       0       0       0
      Totals:         4       0       0       0       0       0       0       0
Total ram usage:        4 bytes
 Hardware stack levels used:    1
 Hardware stack levels required when called:    1
 This function calls:
		_PWM3_LoadDutyValue
		_PWM4_LoadDutyValue
 This function is called by:
		_movimientos
 This function uses a non-reentrant model


 *************** function _giro_derecha *****************
 Defined at:
		line 346 in file "principal.c"
 Parameters:    Size  Location     Type
		None
 Auto vars:     Size  Location     Type
  dutyCycleDer    2    0        unsigned short 
  dutyCycleIzq    2    0        unsigned short 
 Return value:  Size  Location     Type
                  1    wreg      void 
 Registers used:
		wreg, status,2, status,0, pclath, cstack
 Tracked objects:
		On entry : 
		On exit  : 
		Unchanged: 
 Data sizes:     COMMON   BANK0   BANK1   BANK2   BANK3   BANK4   BANK5   BANK6
      Params:         0       0       0       0       0       0       0       0
      Locals:         4       0       0       0       0       0       0       0
      Temps:          0       0       0       0       0       0       0       0
      Totals:         4       0       0       0       0       0       0       0
Total ram usage:        4 bytes
 Hardware stack levels used:    1
 Hardware stack levels required when called:    1
 This function calls:
		_PWM3_LoadDutyValue
		_PWM4_LoadDutyValue
 This function is called by:
		_movimientos
 This function uses a non-reentrant model


 *************** function _detenerse *****************
 Defined at:
		line 382 in file "principal.c"
 Parameters:    Size  Location     Type
		None
 Auto vars:     Size  Location     Type
		None
 Return value:  Size  Location     Type
                  1    wreg      void 
 Registers used:
		None
 Tracked objects:
		On entry : 
		On exit  : 
		Unchanged: 
 Data sizes:     COMMON   BANK0   BANK1   BANK2   BANK3   BANK4   BANK5   BANK6
      Params:         0       0       0       0       0       0       0       0
      Locals:         0       0       0       0       0       0       0       0
      Temps:          0       0       0       0       0       0       0       0
      Totals:         0       0       0       0       0       0       0       0
Total ram usage:        0 bytes
 Hardware stack levels used:    1
 This function calls:
		Nothing
 This function is called by:
		_movimientos
 This function uses a non-reentrant model


 *************** function _avanzar *****************
 Defined at:
		line 309 in file "principal.c"
 Parameters:    Size  Location     Type
		None
 Auto vars:     Size  Location     Type
  dutyCycleDer    2    7[COMMON] unsigned short 
  dutyCycleIzq    2    5[COMMON] unsigned short 
 Return value:  Size  Location     Type
                  1    wreg      void 
 Registers used:
		wreg, status,2, status,0, pclath, cstack
 Tracked objects:
		On entry : 
		On exit  : 
		Unchanged: 
 Data sizes:     COMMON   BANK0   BANK1   BANK2   BANK3   BANK4   BANK5   BANK6
      Params:         0       0       0       0       0       0       0       0
      Locals:         4       0       0       0       0       0       0       0
      Temps:          1       0       0       0       0       0       0       0
      Totals:         5       0       0       0       0       0       0       0
Total ram usage:        5 bytes
 Hardware stack levels used:    1
 Hardware stack levels required when called:    1
 This function calls:
		_PWM3_LoadDutyValue
		_PWM4_LoadDutyValue
 This function is called by:
		_movimientos
 This function uses a non-reentrant model


 *************** function _PWM4_LoadDutyValue *****************
 Defined at:
		line 303 in file "principal.c"
 Parameters:    Size  Location     Type
  dutyValue       2    0[COMMON] unsigned short 
 Auto vars:     Size  Location     Type
		None
 Return value:  Size  Location     Type
                  1    wreg      void 
 Registers used:
		wreg, status,2, status,0
 Tracked objects:
		On entry : 
		On exit  : 
		Unchanged: 
 Data sizes:     COMMON   BANK0   BANK1   BANK2   BANK3   BANK4   BANK5   BANK6
      Params:         2       0       0       0       0       0       0       0
      Locals:         0       0       0       0       0       0       0       0
      Temps:          2       0       0       0       0       0       0       0
      Totals:         4       0       0       0       0       0       0       0
Total ram usage:        4 bytes
 Hardware stack levels used:    1
 This function calls:
		Nothing
 This function is called by:
		_avanzar
		_giro_derecha
		_giro_izquierda
 This function uses a non-reentrant model


 *************** function _PWM3_LoadDutyValue *****************
 Defined at:
		line 297 in file "principal.c"
 Parameters:    Size  Location     Type
  dutyValue       2    0[COMMON] unsigned short 
 Auto vars:     Size  Location     Type
		None
 Return value:  Size  Location     Type
                  1    wreg      void 
 Registers used:
		wreg, status,2, status,0
 Tracked objects:
		On entry : 
		On exit  : 
		Unchanged: 
 Data sizes:     COMMON   BANK0   BANK1   BANK2   BANK3   BANK4   BANK5   BANK6
      Params:         2       0       0       0       0       0       0       0
      Locals:         0       0       0       0       0       0       0       0
      Temps:          2       0       0       0       0       0       0       0
      Totals:         4       0       0       0       0       0       0       0
Total ram usage:        4 bytes
 Hardware stack levels used:    1
 This function calls:
		Nothing
 This function is called by:
		_avanzar
		_giro_derecha
		_giro_izquierda
 This function uses a non-reentrant model


 *************** function _OSCILLATOR_Initialize *****************
 Defined at:
		line 166 in file "principal.c"
 Parameters:    Size  Location     Type
		None
 Auto vars:     Size  Location     Type
		None
 Return value:  Size  Location     Type
                  1    wreg      void 
 Registers used:
		status,2
 Tracked objects:
		On entry : 
		On exit  : 
		Unchanged: 
 Data sizes:     COMMON   BANK0   BANK1   BANK2   BANK3   BANK4   BANK5   BANK6
      Params:         0       0       0       0       0       0       0       0
      Locals:         0       0       0       0       0       0       0       0
      Temps:          0       0       0       0       0       0       0       0
      Totals:         0       0       0       0       0       0       0       0
Total ram usage:        0 bytes
 Hardware stack levels used:    1
 This function calls:
		Nothing
 This function is called by:
		_main
 This function uses a non-reentrant model


 *************** function _InicializacionTimer2 *****************
 Defined at:
		line 272 in file "principal.c"
 Parameters:    Size  Location     Type
		None
 Auto vars:     Size  Location     Type
		None
 Return value:  Size  Location     Type
                  1    wreg      void 
 Registers used:
		wreg, status,2
 Tracked objects:
		On entry : 
		On exit  : 
		Unchanged: 
 Data sizes:     COMMON   BANK0   BANK1   BANK2   BANK3   BANK4   BANK5   BANK6
      Params:         0       0       0       0       0       0       0       0
      Locals:         0       0       0       0       0       0       0       0
      Temps:          0       0       0       0       0       0       0       0
      Totals:         0       0       0       0       0       0       0       0
Total ram usage:        0 bytes
 Hardware stack levels used:    1
 This function calls:
		Nothing
 This function is called by:
		_main
 This function uses a non-reentrant model


 *************** function _InicializacionPuertos *****************
 Defined at:
		line 94 in file "principal.c"
 Parameters:    Size  Location     Type
		None
 Auto vars:     Size  Location     Type
		None
 Return value:  Size  Location     Type
                  1    wreg      void 
 Registers used:
		wreg, status,2
 Tracked objects:
		On entry : 
		On exit  : 
		Unchanged: 
 Data sizes:     COMMON   BANK0   BANK1   BANK2   BANK3   BANK4   BANK5   BANK6
      Params:         0       0       0       0       0       0       0       0
      Locals:         0       0       0       0       0       0       0       0
      Temps:          0       0       0       0       0       0       0       0
      Totals:         0       0       0       0       0       0       0       0
Total ram usage:        0 bytes
 Hardware stack levels used:    1
 This function calls:
		Nothing
 This function is called by:
		_main
 This function uses a non-reentrant model


 *************** function _InicializacionPWM4 *****************
 Defined at:
		line 290 in file "principal.c"
 Parameters:    Size  Location     Type
		None
 Auto vars:     Size  Location     Type
		None
 Return value:  Size  Location     Type
                  1    wreg      void 
 Registers used:
		wreg
 Tracked objects:
		On entry : 
		On exit  : 
		Unchanged: 
 Data sizes:     COMMON   BANK0   BANK1   BANK2   BANK3   BANK4   BANK5   BANK6
      Params:         0       0       0       0       0       0       0       0
      Locals:         0       0       0       0       0       0       0       0
      Temps:          0       0       0       0       0       0       0       0
      Totals:         0       0       0       0       0       0       0       0
Total ram usage:        0 bytes
 Hardware stack levels used:    1
 This function calls:
		Nothing
 This function is called by:
		_main
 This function uses a non-reentrant model


 *************** function _InicializacionPWM3 *****************
 Defined at:
		line 283 in file "principal.c"
 Parameters:    Size  Location     Type
		None
 Auto vars:     Size  Location     Type
		None
 Return value:  Size  Location     Type
                  1    wreg      void 
 Registers used:
		wreg
 Tracked objects:
		On entry : 
		On exit  : 
		Unchanged: 
 Data sizes:     COMMON   BANK0   BANK1   BANK2   BANK3   BANK4   BANK5   BANK6
      Params:         0       0       0       0       0       0       0       0
      Locals:         0       0       0       0       0       0       0       0
      Temps:          0       0       0       0       0       0       0       0
      Totals:         0       0       0       0       0       0       0       0
Total ram usage:        0 bytes
 Hardware stack levels used:    1
 This function calls:
		Nothing
 This function is called by:
		_main
 This function uses a non-reentrant model



MODULE INFORMATION

Module		Function		Class		Link	Load	Size
principal.c
		_sensor_derecho		CODE           	028E	0000	155
		_avanzar       		CODE           	0055	0000	131
		_detenerse     		CODE           	0ECC	0000	9
		_movimientos   		CODE           	00D8	0000	142
		_giro_derecha  		CODE           	0EF9	0000	28
		_main          		CODE           	001C	0000	57
		_giro_izquierda		CODE           	0F15	0000	28
		_InicializacionTimer2		CODE           	0ED5	0000	14
		_OSCILLATOR_Initialize		CODE           	0EB1	0000	5
		_InicializacionPWM3		CODE           	0EBC	0000	8
		_PWM3_LoadDutyValue		CODE           	0EE3	0000	22
		_InicializacionPWM4		CODE           	0EC4	0000	8
		_sensor_centro 		CODE           	0166	0000	148
		_sensor_izquierdo		CODE           	01FA	0000	148
		_InicializacionPuertos		CODE           	0F54	0000	55
		_PWM4_LoadDutyValue		CODE           	0006	0000	22

principal.c estimated size: 980

C:\Program Files\Microchip\xc8\v2.31\pic\sources\c99\common\xxtofl.c
		___xxtofl      		CODE           	0329	0000	172

C:\Program Files\Microchip\xc8\v2.31\pic\sources\c99\common\xxtofl.c estimated size: 172

C:\Program Files\Microchip\xc8\v2.31\pic\sources\c99\common\Umul8_16.c
		__Umul8_16     		CODE           	0F31	0000	35

C:\Program Files\Microchip\xc8\v2.31\pic\sources\c99\common\Umul8_16.c estimated size: 35

shared
		__initialization		CODE           	07E0	0000	29

shared estimated size: 29

C:\Program Files\Microchip\xc8\v2.31\pic\sources\c99\common\sprcmul.c
		___flmul       		CODE           	0589	0000	599

C:\Program Files\Microchip\xc8\v2.31\pic\sources\c99\common\sprcmul.c estimated size: 599

C:\Program Files\Microchip\xc8\v2.31\pic\sources\c99\common\sprcdiv.c
		___fldiv       		CODE           	03D5	0000	436

C:\Program Files\Microchip\xc8\v2.31\pic\sources\c99\common\sprcdiv.c estimated size: 436

C:\Program Files\Microchip\xc8\v2.31\pic\sources\c99\common\fltol.c
		___fltol       		CODE           	0F8B	0000	117

C:\Program Files\Microchip\xc8\v2.31\pic\sources\c99\common\fltol.c estimated size: 117

